>
ok

>
ok

>
saved as snapshot 1

>
ok

>
ok

>
saved as snapshot 2

>
ok

>
c [3 4 5]
b [4 5 6]
a [1 2 3 4]

>
ok

>
b [4 5 6]
a [1 2 3 4]

>
bye
