>
ok

>
ok

>
ok

>
[0 1 4 9]

>
[]

>
[0 1 2 4 9]

>
c []
b [2 9 0]
a [1 2 4]

>
bye
