>
ok

>
ok

>
ok

>
[2]

>
[ [2 4 2] [2 4 7] [2 4 7] [2 4 7] [2 9 2] [2 9 7] [2 9 7] [2 9 7] [2 0 2] [2 0 7] [2 0 7] [2 0 7] [2 2 2] [2 2 7] [2 2 7] [2 2 7] [2 4 2]
[2 4 7] [2 4 7] [2 4 7] [2 9 2] [2 9 7] [2 9 7] [2 9 7] [2 0 2] [2 0 7] [2 0 7] [2 0 7] [2 2 2] [2 2 7] [2 2 7] [2 2 7] [4 4 2] [4 4 7]
[4 4 7] [4 4 7] [4 9 2] [4 9 7] [4 9 7] [4 9 7] [4 0 2] [4 0 7] [4 0 7] [4 0 7] [4 2 2] [4 2 7] [4 2 7] [4 2 7] [4 4 2] [4 4 7] [4 4 7] [
4 4 7] [4 9 2] [4 9 7] [4 9 7] [4 9 7] [4 0 2] [4 0 7] [4 0 7] [4 0 7] [4 2 2] [4 2 7] [4 2 7] [4 2 7] [8 4 2] [8 4 7] [8 4 7] [8 4 7] [8
9 2] [8 9 7] [8 9 7] [8 9 7] [8 0 2] [8 0 7] [8 0 7] [8 0 7] [8 2 2] [8 2 7] [8 2 7] [8 2 7] [0 4 2] [0 4 7] [0 4 7] [0 4 7] [0 9 2] [0
9 7] [0 9 7] [0 9 7] [0 0 2] [0 0 7] [0 0 7] [0 0 7] [0 2 2] [0 2 7] [0 2 7] [0 2 7] ]

>
bye
