>
ok

>
6

>
6

>
5

>
ok

>
ok

>
[7 7 7]

>
bye
