>
ok

>
ok

>
ok

>
saved as snapshot 1

>
ok

>
ok

>
ok

>
1

>
c [8 3 4]
a [2 3 5]

>
bye
