>
ok

>
saved as snapshot 1

>
ok

>
[8 9 0]

>
ok

>
[2 3 5]

>
1

>
bye
