>
ok

>
ok

>
saved as snapshot 1

>
ok

>
no such snapshot

>
b [4 5 6]
a [1 2 3]

>
bye
