>
ok

>
saved as snapshot 1

>
ok

>
ok

>
a [1 2 4 9]

>
ok

>
a [2 4 1 9 1]

>
bye
